[www.lpu.in/index.html]
[backblue.gif]
[fade.gif]
[index.html]
[www.lpu.in/css/bootstrap.css]
[www.lpu.in/style.css]
[www.lpu.in/css/dark.css]
[www.lpu.in/css/font-icons.css]
[www.lpu.in/css/animate.css]
[www.lpu.in/css/magnific-popup.css]
[www.lpu.in/css/vmap.css]
[www.lpu.in/css/responsive.css]
[www.lpu.in/css/home-custom.css]
[www.lpu.in/js/jquery.js]
[www.lpu.in/js/plugins.js]
[www.lpu.in/manifest.json]
[www.lpu.in/programmes/all/Post Graduation.html]
[www.lpu.in/programmes/all/Diploma or Certificate.html]
[www.lpu.in/programmes/all.html]
[www.lpu.in/programmes/regular.html]
[www.lpu.in/programmes/lateral.html]
[www.lpu.in/admission/integrated-bachelors-masters-programmes.html]
[www.lpu.in/admission/honours-programmes-options.html]
[www.lpu.in/admission/dual-degree-programmes-options.html]
[www.lpu.in/programmes/parttime.html]
[www.lpu.in/admission/short-term-courses.html]
[www.lpu.in/international/programmes/ProgramSearch.html]
[www.lpu.in/international/english-language-requirement.html]
[www.lpu.in/international/scholarship.html]
[www.lpu.in/international/how_to_apply.html]
[www.lpu.in/international/how_to_pay.html]
[www.lpu.in/international/booklet_and_forms.html]
[www.lpu.in/OnlineAdmission/LetterAuthentication.html]
[www.lpu.in/international/across_globe.html]
[www.lpu.in/international/programmes/all/Grade 10th (O Level).html]
[www.lpu.in/international/programmes/all/Grade 12th (A Level).html]
[www.lpu.in/international/programmes/all/Graduation.html]
[www.lpu.in/international/english-language-programme.html]
[www.lpu.in/international/study_india_programme.html]
[www.lpu.in/international/study_abroad_programme.html]
[www.lpu.in/international/summer_school/index.html]
[www.lpu.in/international/summer_school/int_eligibility.html]
[www.lpu.in/international/summer_school/int_accommodation_and_facilities.html]
[www.lpu.in/international/summer_school/int_registeration_and_fee_structure.html]
[www.lpu.in/international/summer_school/int_proposed_schedule.html]
[www.lpu.in/international/summer_school/int_visa_requirement_and_guidelines.html]
[www.lpu.in/international/summer_school/int_gallery.html]
[www.lpu.in/international/summer_school/int_faq.html]
[www.lpu.in/international/summer_school/int_contact.html]
[www.lpu.in/international/pre_arrival.html]
[www.lpu.in/international/post_arrival.html]
[www.lpu.in/international/after_you_graduate.html]
[www.lpu.in/international/returning_back.html]
[www.lpu.in/international/international_student_experience.html]
[www.lpu.in/international/general-faq.html]
[www.lpu.in/international/admission_related_faqs.html]
[www.lpu.in/international/visa-frro-faq.html]
[www.lpu.in/international/general_information_related_to_visa.html]
[www.lpu.in/international/visa_extensions.html]
[www.lpu.in/academics/live-projects.html]
[www.lpu.in/academics/industry-immersion.html]
[www.lpu.in/academics/Interdisciplinary-minors.html]
[www.lpu.in/academics/curriculum-innovations.html]
[www.lpu.in/academics/guest-lectures.html]
[www.lpu.in/academics/assessment-and-evaluation.html]
[www.lpu.in/academics/mentoring-advising.html]
[www.lpu.in/academics/research.html]
[www.lpu.in/academics/faculty-development.html]
[www.lpu.in/academics/libraries-laboratories.html]
[www.lpu.in/academics/calendar_regular_programmes.html]
[www.lpu.in/academics/holiday-list.html]
[www.lpu.in/campus_life/entrepreneurship.html]
[www.lpu.in/campus_life/sports.html]
[www.lpu.in/campus_life/art-and-culture.html]
[www.lpu.in/campus_life/campus-events.html]
[www.lpu.in/campus_life/student-organisations.html]
[www.lpu.in/campus_life/visitors.html]
[www.lpu.in/campus_life/diversity.html]
[www.lpu.in/campus_life/community-services.html]
[www.lpu.in/campus_life/on-campus-jobs.html]
[www.lpu.in/campus_life/fun-zone.html]
[www.lpu.in/student_services/security.html]
[www.lpu.in/student_services/healthcare.html]
[www.lpu.in/student_services/ums.html]
[www.lpu.in/student_services/residence.html]
[www.lpu.in/student_services/transport.html]
[www.lpu.in/student_services/shopping-dining.html]
[www.lpu.in/student_services/banking-postal-services.html]
[www.lpu.in/student_services/education-loan-assistance.html]
[www.lpu.in/images/home-slider/modi0.png]
[www.lpu.in/images/home-slider/modi.jpg]
[www.lpu.in/images/home-slider/modi4.jpg]
[www.lpu.in/images/home-slider/modi1.jpg]
[www.lpu.in/images/home-slider/modi2.jpg]
[www.lpu.in/images/home-slider/modi3.jpg]
[www.lpu.in/images/home-slider/video-play.png]
[www.lpu.in/images/home-slider/video-play-small.png]
[www.lpu.in/images/home-slider/isc106.jpg]
[www.lpu.in/images/home-slider/study-grant.jpg]
[www.lpu.in/studygrant/index.html]
[www.lpu.in/images/home-slider/video-bg.jpg]
[www.lpu.in/images/home-slider/slide-president1.jpg]
[www.lpu.in/images/icons/left-arrow.png]
[www.lpu.in/images/arrow-read.png]
[www.lpu.in/downloads/Document-on-SAP-for-LPU.pdf]
[www.lpu.in/downloads/Value-of-Certification.pdf]
[www.lpu.in/images/laureates1.jpg]
[www.lpu.in/images/laureates2.jpg]
[www.lpu.in/images/laureates3.jpg]
[www.lpu.in/images/laureates4.jpg]
[www.lpu.in/images/laureates5.jpg]
[www.lpu.in/images/yt-play.png]
[www.lpu.in/images/education-awards.jpg]
[www.lpu.in/images/education-awards1.jpg]
[www.lpu.in/images/rising-star1.jpg]
[www.lpu.in/images/rising-star2.jpg]
[www.lpu.in/images/rising-star3.jpg]
[www.lpu.in/images/tie-ups1.jpg]
[www.lpu.in/images/tie-ups2.jpg]
[www.lpu.in/images/tie-ups3.jpg]
[www.lpu.in/images/delta.jpg]
[www.lpu.in/images/hackathon.jpg]
[gifcdn.lpu.in/go-karts.gif]
[www.lpu.in/images/campus-slides/slide1.jpg]
[www.lpu.in/images/campus-slides/slide1-thumb.jpg]
[www.lpu.in/images/campus-slides/slide8.jpg]
[www.lpu.in/images/campus-slides/slide8-thumb.jpg]
[www.lpu.in/images/campus-slides/slide3.jpg]
[www.lpu.in/images/campus-slides/slide3-thumb.jpg]
[www.lpu.in/images/campus-slides/slide2.jpg]
[www.lpu.in/images/campus-slides/slide2-thumb.jpg]
[www.lpu.in/images/campus-slides/slide5.jpg]
[www.lpu.in/images/campus-slides/slide5-thumb.jpg]
[www.lpu.in/images/campus-slides/slide6.jpg]
[www.lpu.in/images/campus-slides/slide6-thumb.jpg]
[www.lpu.in/images/campus-slides/slide7.jpg]
[www.lpu.in/images/campus-slides/slide7-thumb.jpg]
[www.lpu.in/images/campus-slides/slide4.jpg]
[www.lpu.in/images/campus-slides/slide4-thumb.jpg]
[www.lpu.in/images/campus-slides/slide9.jpg]
[www.lpu.in/images/campus-slides/slide9-thumb.jpg]
[www.lpu.in/images/campus-slides/slide12.jpg]
[www.lpu.in/images/campus-slides/slide12-thumb.jpg]
[www.lpu.in/images/campus-slides/slide13.jpg]
[www.lpu.in/images/campus-slides/slide13-thumb.jpg]
[www.lpu.in/images/campus-slides/slide14.jpg]
[www.lpu.in/images/campus-slides/slide14-thumb.jpg]
[www.lpu.in/images/campus-slides/slide15.jpg]
[www.lpu.in/images/campus-slides/slide15-thumb.jpg]
[www.lpu.in/images/campus-slides/slide16.jpg]
[www.lpu.in/images/campus-slides/slide16-thumb.jpg]
[www.lpu.in/images/campus-slides/slide17.jpg]
[www.lpu.in/images/campus-slides/slide17-thumb.jpg]
[www.lpu.in/images/campus-slides/slide10.jpg]
[www.lpu.in/images/campus-slides/slide10-thumb.jpg]
[www.lpu.in/images/campus-slides/slide11.jpg]
[www.lpu.in/images/campus-slides/slide11-thumb.jpg]
[www.lpu.in/images/icons/student-icon.png]
[www.lpu.in/images/icons/alumni-icon.png]
[www.lpu.in/images/icons/campus-icon.png]
[www.lpu.in/images/icons/profile-icon.png]
[www.lpu.in/images/dalai/3.jpg]
[www.lpu.in/images/dalai/3-thumb.jpg]
[www.lpu.in/images/dalai/2.jpg]
[www.lpu.in/images/dalai/2-thumb.jpg]
[www.lpu.in/images/dalai/1.jpg]
[www.lpu.in/images/dalai/1-thumb.jpg]
[www.lpu.in/images/dalai/4.jpg]
[www.lpu.in/images/dalai/4-thumb.jpg]
[www.lpu.in/images/dalai/5.jpg]
[www.lpu.in/images/dalai/5-thumb.jpg]
[www.lpu.in/images/dalai/6.jpg]
[www.lpu.in/images/dalai/6-thumb.jpg]
[www.lpu.in/images/dalai/7.jpg]
[www.lpu.in/images/dalai/7-thumb.jpg]
[www.lpu.in/images/dalai/8.jpg]
[www.lpu.in/images/dalai/8-thumb.jpg]
[www.lpu.in/images/dalai/9.jpg]
[www.lpu.in/images/dalai/9-thumb.jpg]
[www.lpu.in/images/convo/big/1.jpg]
[www.lpu.in/images/convo/small/1.jpg]
[www.lpu.in/images/convo/big/2.jpg]
[www.lpu.in/images/convo/small/2.jpg]
[www.lpu.in/images/convo/big/3.jpg]
[www.lpu.in/images/convo/small/3.jpg]
[www.lpu.in/images/convo/big/4.jpg]
[www.lpu.in/images/convo/small/4.jpg]
[www.lpu.in/images/convo/big/5.jpg]
[www.lpu.in/images/convo/small/5.jpg]
[www.lpu.in/images/convo/big/6.jpg]
[www.lpu.in/images/convo/small/6.jpg]
[www.lpu.in/images/convo/big/7.jpg]
[www.lpu.in/images/convo/small/7.jpg]
[www.lpu.in/images/convo/big/8.jpg]
[www.lpu.in/images/convo/small/8.jpg]
[www.lpu.in/images/convo/big/9.jpg]
[www.lpu.in/images/convo/small/9.jpg]
[www.lpu.in/campus_life/concerts-band-performances.html]
[www.lpu.in/images/map.jpg]
[www.lpu.in/images/testimonials/1.png]
[www.lpu.in/images/testimonials/3.png]
[www.lpu.in/images/testimonials/2.png]
[www.lpu.in/images/testimonials/4.png]
[www.lpu.in/js/custom.js]
[www.lpu.in/images/icons/widget-link.png]
[www.lpu.in/images/virtual-tour.png]
[www.lpu.in/images/whatsapp-icon.png]
[www.lpu.in/international/contact-us.html]
[www.lpu.in/images/enquire-icon.png]
[www.lpu.in/images/apply-now-icon.png]
[www.lpu.in/international/index-2.html]
[www.lpu.in/frmloginaccounts.html]
[www.lpu.in/tv-ads.html]
[www.lpu.in/print-ads.html]
[www.lpu.in/newshome.html]
[www.lpu.in/EventCertificate/index.html]
[www.lpu.in/authenticate/index.html]
[www.lpu.in/jpd/index.html]
[www.lpu.in/knowledge-brain-storm/index.html]
[www.lpu.in/lpusummerschool/index.html]
[www.lpu.in/explorica/index.html]
[www.lpu.in/downloads/ssr.pdf]
[www.lpu.in/jobs/jobs_at_lpu.html]
[www.lpu.in/images/360.gif]
[www.lpu.in/images/footer-widget-logo.png]
[www.lpu.in/downloads/Ragging.pdf]
[www.lpu.in/privacy.html]
[www.lpu.in/disclaimer.html]
[www.lpu.in/downloads/student-grievance-redressal-policy.pdf]
[www.lpu.in/downloads/sexual-harrassment-of-women-act-and-rules-2013.pdf]
[www.lpu.in/downloads/UGC_regulations-harassment.pdf]
[www.lpu.in/downloads/handbook-for-prevention-of-sexual-harassment at-workplace.pdf]
[www.lpu.in/downloads/composition-of-ICCASH.pdf]
[www.lpu.in/downloads/Anti-Sexual-Harrasment-policy.pdf]
[www.lpu.in/images/studygrant.jpg]
[www.lpu.in/studygrant/index-2.html]
[www.lpu.in/images/educationawards.jpg]
[www.lpu.in/educationawards.html]
[www.lpu.in/downloads/nirf/Architecture.pdf]
[www.lpu.in/downloads/nirf/Management.pdf]
[www.lpu.in/downloads/nirf/Pharmacy.pdf]
[www.lpu.in/downloads/nirf/Architecture-2019.pdf]
[www.lpu.in/downloads/nirf/Management-2019.pdf]
[www.lpu.in/downloads/nirf/Pharmacy-2019.pdf]
[www.lpu.in/downloads/nirf/Engineering-2019.pdf]
[www.lpu.in/downloads/nirf/Overall-2019.pdf]
[cdn.datatables.net/1.10.16/js/jquery.dataTables.min.js]
[cdn.datatables.net/1.10.16/css/jquery.dataTables.min.css]
[www.lpu.in/js/jquery.popupwindow.js]
[www.lpu.in/ClickToCall.html]
[www.lpu.in/js/homefunctions.js]
[cdnjs.cloudflare.com/ajax/libs/toastr.js/latest/toastr.min.css]
[cdnjs.cloudflare.com/ajax/libs/toastr.js/latest/toastr.min.js]
[www.lpu.in/images/notification-bell.png]
[www.lpu.in/index.html]
[www.lpu.in/css/bootstrap.css]
[www.lpu.in/css/fonts/Raleway-Regular.eot]
[www.lpu.in/css/fonts/Raleway-Regulard41d.eot]
[www.lpu.in/css/fonts/Raleway-Regular.woff]
[www.lpu.in/css/fonts/Raleway-Regular.ttf]
[www.lpu.in/images/li.png]
[www.lpu.in/images/icons/submenu.png]
[www.lpu.in/images/icons/menu-divider.png]
[www.lpu.in/images/pattern2.png]
[www.lpu.in/images/grid.png]
[www.lpu.in/images/preloader.gif]
[www.lpu.in/images/icons/play.png]
[www.lpu.in/images/icons/widget-comment.png]
[www.lpu.in/style.css]
[www.lpu.in/images/icons/submenu-dark.png]
[www.lpu.in/images/preloader-dark.gif]
[www.lpu.in/images/icons/widget-comment-dark.png]
[www.lpu.in/images/icons/widget-link-dark.png]
[www.lpu.in/css/dark.css]
[www.lpu.in/css/font-awesome/css/font-awesome.min.css]
[www.lpu.in/css/fonts/font-icons.eot]
[www.lpu.in/css/fonts/font-icons.woff]
[www.lpu.in/css/fonts/font-icons.ttf]
[www.lpu.in/css/fonts/font-icons.svg]
[www.lpu.in/css/fonts/lined-icons.eot]
[www.lpu.in/css/fonts/lined-icons.woff]
[www.lpu.in/css/fonts/lined-icons.ttf]
[www.lpu.in/css/fonts/lined-icons.svg]
[www.lpu.in/css/fonts/Simple-Line-Icons.eot]
[www.lpu.in/css/fonts/Simple-Line-Iconsd41d.eot]
[www.lpu.in/css/fonts/Simple-Line-Icons.woff]
[www.lpu.in/css/fonts/Simple-Line-Icons.ttf]
[www.lpu.in/css/font-icons.css]
[www.lpu.in/css/animate.css]
[www.lpu.in/css/magnific-popup.css]
[www.lpu.in/css/vmap.css]
[www.lpu.in/css/fonts/Simple-Line-Icons.svg]
[www.lpu.in/images/preloader@2x.gif]
[www.lpu.in/images/preloader-dark@2x.gif]
[www.lpu.in/images/icons/widget-comment@2x.png]
[www.lpu.in/images/icons/widget-link@2x.png]
[www.lpu.in/images/icons/widget-comment-dark@2x.png]
[www.lpu.in/images/icons/widget-link-dark@2x.png]
[www.lpu.in/css/responsive.css]
[www.lpu.in/css/fonts/rupee_foradian-webfonte0a5.eot]
[www.lpu.in/css/fonts/rupee_foradian-webfontd41d.eot]
[www.lpu.in/css/fonts/rupee_foradian-webfonte0a5.woff2]
[www.lpu.in/css/fonts/rupee_foradian-webfonte0a5.woff]
[www.lpu.in/css/fonts/rupee_foradian-webfonte0a5.ttf]
[www.lpu.in/images/programme-search/streem-li.png]
[www.lpu.in/images/arrow-icon.png]
[www.lpu.in/images/icons/call-icon.png]
[www.lpu.in/images/icons/whatsapp.png]
[www.lpu.in/images/icons/chat-icon.png]
[www.lpu.in/images/icons/map-icon.png]
[www.lpu.in/images/icons/vr.png]
[www.lpu.in/images/icons/plus-icon.png]
[www.lpu.in/images/icons/plus-hover.png]
[www.lpu.in/images/icons/home-icon.png]
[www.lpu.in/images/icons/home-icon-hover.png]
[www.lpu.in/images/icons/minus-icon.png]
[www.lpu.in/images/icons/minus-hover.png]
[www.lpu.in/images/home-slider/descp-bg.png]
[www.lpu.in/images/home-slider/video-desc-bg.png]
[www.lpu.in/images/icons/call-b.png]
[www.lpu.in/images/icons/vr-b.png]
[www.lpu.in/images/icons/whatsapp-b.png]
[www.lpu.in/images/icons/location-b.png]
[www.lpu.in/images/icons/360-view-b.png]
[www.lpu.in/css/home-custom.css]
[www.googletagmanager.com/gtm5445.html]
[connect.facebook.net/en_US/fbevents.js]
[www.lpu.in/disha/index.html]
[www.lpu.in/images/home-slider/descp-bg1.png]
[www.lpu.in/css/programme-search.css]
[www.lpu.in/css/foundation.css]
[www.lpu.in/css/radio-checkbox.css]
[www.lpu.in/css/font-awesome/css/font-awesome.css]
[www.lpu.in/css/sweetalert2.min.css]
[www.lpu.in/css/select2/css/select2.css]
[www.lpu.in/js/sweetalert2.min.js]
[www.lpu.in/css/select2/js/select2.js]
[www.lpu.in/js/flip.js]
[www.lpu.in/programmes/images/programme-search/mechanical-engineering.html]
[www.lpu.in/scholarship/scholarship_on_the_basis_of_performance_in_sports.html]
[www.lpu.in/js/functions.js]
[www.lpu.in/js/jquery.slimscroll.js]
[www.lpu.in/js/foundation.js]
[www.lpu.in/popup/acbsp_logo.jpg]
[www.lpu.in/js/nav-float.js]
[admission.lpu.in/Scripts/custom.js]
[www.lpu.in/js/additional-methods.min.js]
[www.lpu.in/js/jquery.blockui.min.js]
[www.lpu.in/programmes/all/Post Graduation.html]
[www.lpu.in/programmes/all/Diploma or Certificate.html]
[www.lpu.in/images/programme-search/mechanical-engineering.jpg]
[www.lpu.in/programmes/all.html]
[www.lpu.in/programmes/regular.html]
[www.lpu.in/programmes/lateral.html]
[www.lpu.in/index-2.html]
[www.lpu.in/admission/integrated-bachelors-masters-programmes.html]
[www.lpu.in/programmes/integrated.html]
[www.lpu.in/admission/honours-programmes-options.html]
[www.lpu.in/programmes/hons.html]
[www.lpu.in/admission/dual-degree-programmes-options.html]
[www.lpu.in/programmes/dual.html]
[www.lpu.in/programmes/parttime.html]
[www.lpu.in/downloads/b2-level-application-form-lpu-students-and-staff.pdf]
[www.lpu.in/downloads/c1-level-application-form-lpu-students-and-staff.pdf]
[www.lpu.in/downloads/b2-level-external-candidate-application-form.pdf]
[www.lpu.in/downloads/c1-level-external-candidate-application-form.pdf]
[www.lpu.in/downloads/admission-form-lpu-students-and-staff.pdf]
[www.lpu.in/downloads/admission-form-outside-campus-students.pdf]
[www.lpu.in/downloads/IELTS Application Form Outside Students.pdf]
[www.lpu.in/downloads/IELTS  Application Form LPU Students.pdf]
[www.lpu.in/admission/short-term-courses.html]
[www.lpu.in/engineering/index.html]
[www.lpu.in/css/select2/css/select2.min.css]
[www.lpu.in/css/select2/css/select2-bootstrap.min.css]
[www.lpu.in/international/accommodation.html]
[www.lpu.in/international/downloads/international-booklet.pdf]
[www.lpu.in/international/downloads/refund_policy.pdf]
[www.lpu.in/international/reporting-schedule-pickup-services.html]
[www.lpu.in/international/summer_school/SummerSchoolApplicationForm.html]
[www.lpu.in/popup/acbsp_popup.jpg]
[www.lpu.in/js/internationalpsearch.js]
[www.lpu.in/international/programmes/ProgramSearch.html]
[www.lpu.in/css/select2/js/select2.full.min.js]
[www.lpu.in/international/css/international-custom.css]
[www.lpu.in/international/english-language-requirement.html]
[www.lpu.in/international/js/jquery.validate.js]
[www.lpu.in/international/js/jquery.validate.additional-methods.js]
[www.lpu.in/international/js/scholarship.js]
[www.lpu.in/international/scholarship.html]
[www.lpu.in/international/imgs/howapply-login.jpg]
[www.lpu.in/international/how_to_apply.html]
[www.lpu.in/international/how_to_pay.html]
[www.lpu.in/international/bank-details.html]
[www.lpu.in/international/downloads/international-application-form.pdf]
[www.lpu.in/international/downloads/information_related_to_application_Process.pdf]
[www.lpu.in/international/downloads/general_admission_guidelines.pdf]
[www.lpu.in/international/downloads/important_instructions.pdf]
[www.lpu.in/international/downloads/disciplinary_misconduct.pdf]
[www.lpu.in/international/downloads/General_guidelines_for_resident_policy.pdf]
[www.lpu.in/admission/Prospectus/Part_C/refund-form.pdf]
[www.lpu.in/international/downloads/international-booklet-INR.pdf]
[www.lpu.in/international/booklet_and_forms.html]
[www.lpu.in/OnlineAdmission/StyleSheet1.css]
[www.lpu.in/OnlineAdmission/WebResource7a68.js]
[www.lpu.in/OnlineAdmission/Scripts/WebForms/MsAjax/MicrosoftAjax.js]
[www.lpu.in/OnlineAdmission/Scripts/WebForms/MsAjax/MicrosoftAjaxWebForms.js]
[www.lpu.in/OnlineAdmission/LetterAuthentication.html]
[www.lpu.in/international/across_globe.html]
[www.lpu.in/international/programmes/all/Grade 10th (O Level).html]
[www.lpu.in/international/programmes/all/Grade 12th (A Level).html]
[www.lpu.in/international/programmes/all/Graduation.html]
[www.lpu.in/international/english-language-programme.html]
[www.lpu.in/international/programmes/all/Post Graduation.html]
[www.lpu.in/international/downloads/E-Brochure.pdf]
[www.lpu.in/international/study_india_programme.html]
[www.lpu.in/international/study_abroad_programme.html]
[www.lpu.in/international/summer_school/gallery-imgs/g3.jpg]
[www.lpu.in/international/summer_school/gallery-imgs/g2.jpg]
[www.lpu.in/international/summer_school/gallery-imgs/g1.jpg]
[www.lpu.in/international/summer_school/gallery-imgs/g4.jpg]
[www.lpu.in/international/summer_school/gallery-imgs/g5.jpg]
[www.lpu.in/international/summer_school/gallery-imgs/g6.jpg]
[www.lpu.in/international/summer_school/gallery-imgs/g7.jpg]
[www.lpu.in/international/summer_school/gallery-imgs/g8.jpg]
[www.lpu.in/international/summer_school/gallery-imgs/3.jpg]
[www.lpu.in/international/summer_school/index.html]
[www.lpu.in/international/summer_school/int_eligibility.html]
[www.lpu.in/international/summer_school/int_accommodation_and_facilities.html]
[www.lpu.in/international/summer_school/int_registeration_and_fee_structure.html]
[www.lpu.in/international/summer_school/pdf/itineary.pdf]
[www.lpu.in/international/summer_school/int_proposed_schedule.html]
[www.lpu.in/international/summer_school/int_visa_requirement_and_guidelines.html]
[www.lpu.in/international/summer_school/gallery-imgs/1.jpg]
[www.lpu.in/international/summer_school/gallery-imgs/2.jpg]
[www.lpu.in/international/summer_school/gallery-imgs/4.jpg]
[www.lpu.in/international/summer_school/gallery-imgs/6.jpg]
[www.lpu.in/international/summer_school/gallery-imgs/9.jpg]
[www.lpu.in/international/summer_school/gallery-imgs/10.jpg]
[www.lpu.in/international/summer_school/gallery-imgs/11.jpg]
[www.lpu.in/international/summer_school/gallery-imgs/12.jpg]
[www.lpu.in/international/summer_school/gallery-imgs/13.jpg]
[www.lpu.in/international/summer_school/gallery-imgs/14.jpg]
[www.lpu.in/international/summer_school/gallery-imgs/15.jpg]
[www.lpu.in/international/summer_school/gallery-imgs/16.jpg]
[www.lpu.in/international/summer_school/gallery-imgs/17.jpg]
[www.lpu.in/international/summer_school/gallery-imgs/19.jpg]
[www.lpu.in/international/summer_school/gallery-imgs/22.jpg]
[www.lpu.in/international/summer_school/gallery-imgs/23.jpg]
[www.lpu.in/international/summer_school/gallery-imgs/24.jpg]
[www.lpu.in/international/summer_school/gallery-imgs/25.jpg]
[www.lpu.in/international/summer_school/gallery-imgs/26.jpg]
[www.lpu.in/international/summer_school/gallery-imgs/27.jpg]
[www.lpu.in/international/summer_school/gallery-imgs/28.jpg]
[www.lpu.in/international/summer_school/gallery-imgs/29.jpg]
[www.lpu.in/international/summer_school/gallery-imgs/30.jpg]
[www.lpu.in/international/summer_school/gallery-imgs/31.jpg]
[www.lpu.in/international/summer_school/gallery-imgs/32.jpg]
[www.lpu.in/international/summer_school/gallery-imgs/33.jpg]
[www.lpu.in/international/summer_school/gallery-imgs/34.jpg]
[www.lpu.in/international/summer_school/gallery-imgs/35.jpg]
[www.lpu.in/international/summer_school/gallery-imgs/36.jpg]
[www.lpu.in/international/summer_school/gallery-imgs/37.jpg]
[www.lpu.in/international/summer_school/gallery-imgs/38.jpg]
[www.lpu.in/international/summer_school/gallery-imgs/40.jpg]
[www.lpu.in/international/summer_school/gallery-imgs/41.jpg]
[www.lpu.in/international/summer_school/gallery-imgs/42.jpg]
[www.lpu.in/international/summer_school/gallery-imgs/43.jpg]
[www.lpu.in/international/summer_school/gallery-imgs/44.jpg]
[www.lpu.in/international/summer_school/gallery-imgs/45.jpg]
[www.lpu.in/international/summer_school/gallery-imgs/46.jpg]
[www.lpu.in/international/summer_school/gallery-imgs/47.jpg]
[www.lpu.in/international/summer_school/int_gallery.html]
[www.lpu.in/international/summer_school/int_faq.html]
[www.lpu.in/international/summer_school/int_contact.html]
[www.lpu.in/international/pre_arrival.html]
[www.lpu.in/international/post_arrival.html]
[www.lpu.in/international/indian_work_permit.html]
[www.lpu.in/international/after_you_graduate.html]
[www.lpu.in/international/returning_back.html]
[www.lpu.in/international/imgs/test1.jpg]
[www.lpu.in/international/imgs/test2.jpg]
[www.lpu.in/international/imgs/test3.jpg]
[www.lpu.in/international/international_student_experience.html]
[www.lpu.in/admission/reporting_schedule.html]
[www.lpu.in/downloads/residential_vs_pg.pdf]
[www.lpu.in/international/general-faq.html]
[www.lpu.in/international/admission_related_faqs.html]
[www.lpu.in/international/visa-frro-faq.html]
[www.lpu.in/international/general_information_related_to_visa.html]
[www.lpu.in/international/visa_extensions.html]
[www.lpu.in/css/media-agency/media-agency.css]
[www.lpu.in/css/travel/travel.css]
[www.lpu.in/academics/imgs/live-projects/slider1.jpg]
[www.lpu.in/academics/imgs/live-projects/slider2.jpg]
[www.lpu.in/academics/imgs/live-projects/slider3.jpg]
[www.lpu.in/academics/imgs/live-projects/slider4.jpg]
[www.lpu.in/academics/imgs/live-projects/full/sathi.jpg]
[www.lpu.in/academics/imgs/live-projects/sathi.jpg]
[www.lpu.in/academics/imgs/live-projects/full/sathi1.jpg]
[www.lpu.in/academics/imgs/live-projects/sathi1.jpg]
[www.lpu.in/academics/imgs/live-projects/full/sathi2.jpg]
[www.lpu.in/academics/imgs/live-projects/sathi2.jpg]
[www.lpu.in/academics/imgs/live-projects/full/sathi3.jpg]
[www.lpu.in/academics/imgs/live-projects/sathi3.jpg]
[www.lpu.in/academics/imgs/live-projects/full/sathi4.jpg]
[www.lpu.in/academics/imgs/live-projects/sathi4.jpg]
[www.lpu.in/academics/imgs/live-projects/full/sathi5.jpg]
[www.lpu.in/academics/imgs/live-projects/sathi5.jpg]
[www.lpu.in/academics/imgs/live-projects/full/sathi6.jpg]
[www.lpu.in/academics/imgs/live-projects/sathi6.jpg]
[www.lpu.in/academics/imgs/live-projects/full/sathi7.jpg]
[www.lpu.in/academics/imgs/live-projects/sathi7.jpg]
[www.lpu.in/academics/imgs/live-projects/full/sathi8.jpg]
[www.lpu.in/academics/imgs/live-projects/sathi8.jpg]
[www.lpu.in/campus_life/images/gifs/students-build-solar-powered-car.jpg]
[www.lpu.in/academics/imgs/live-projects/full/hotel.jpg]
[www.lpu.in/academics/imgs/live-projects/hotel.jpg]
[www.lpu.in/academics/imgs/live-projects/full/uni-mall.jpg]
[www.lpu.in/academics/imgs/live-projects/uni-mall.jpg]
[www.lpu.in/academics/imgs/live-projects/full/lab.jpg]
[www.lpu.in/academics/imgs/live-projects/lab.jpg]
[www.lpu.in/academics/imgs/live-projects/full/live-projects3.jpg]
[www.lpu.in/academics/imgs/live-projects/live-projects3.jpg]
[www.lpu.in/academics/imgs/live-projects/full/live-projects23.jpg]
[www.lpu.in/academics/imgs/live-projects/live-projects23.jpg]
[www.lpu.in/academics/app-icon/full/cool-pool.jpg]
[www.lpu.in/academics/app-icon/cool-pool.jpg]
[www.lpu.in/academics/app-icon/full/lpu-calc.jpg]
[www.lpu.in/academics/app-icon/lpu-calc.jpg]
[www.lpu.in/academics/app-icon/full/android.jpg]
[www.lpu.in/academics/app-icon/android.jpg]
[www.lpu.in/academics/app-icon/full/lpu-marks-calculator.jpg]
[www.lpu.in/academics/app-icon/lpu-marks-calculator.jpg]
[www.lpu.in/academics/app-icon/full/lpu-not-me.jpg]
[www.lpu.in/academics/app-icon/lpu-not-me.jpg]
[www.lpu.in/academics/app-icon/full/lpu-class-alert.jpg]
[www.lpu.in/academics/app-icon/lpu-class-alert.jpg]
[www.lpu.in/academics/app-icon/full/schedula.jpg]
[www.lpu.in/academics/app-icon/schedula.jpg]
[www.lpu.in/academics/app-icon/full/youth-vibe.jpg]
[www.lpu.in/academics/app-icon/youth-vibe.jpg]
[www.lpu.in/academics/app-icon/full/youth-vibe-2014.jpg]
[www.lpu.in/academics/app-icon/youth-vibe-2014.jpg]
[www.lpu.in/academics/imgs/live-projects/live-projects7.jpg]
[www.lpu.in/academics/imgs/live-projects/full/hydroponics.jpg]
[www.lpu.in/academics/imgs/live-projects/hydroponics.jpg]
[www.lpu.in/academics/imgs/live-projects/full/hydroponics1.jpg]
[www.lpu.in/academics/imgs/live-projects/hydroponics1.jpg]
[www.lpu.in/academics/imgs/live-projects/full/hydroponics2.jpg]
[www.lpu.in/academics/imgs/live-projects/hydroponics2.jpg]
[www.lpu.in/academics/imgs/live-projects/full/hydroponics3.jpg]
[www.lpu.in/academics/imgs/live-projects/hydroponics3.jpg]
[www.lpu.in/academics/imgs/live-projects/full/hydroponics4.jpg]
[www.lpu.in/academics/imgs/live-projects/hydroponics4.jpg]
[www.lpu.in/academics/imgs/live-projects/full/hydroponics5.jpg]
[www.lpu.in/academics/imgs/live-projects/hydroponics5.jpg]
[www.lpu.in/academics/imgs/live-projects/full/hydroponics6.jpg]
[www.lpu.in/academics/imgs/live-projects/hydroponics6.jpg]
[www.lpu.in/academics/imgs/live-projects/full/hydroponics7.jpg]
[www.lpu.in/academics/imgs/live-projects/hydroponics7.jpg]
[www.lpu.in/academics/imgs/live-projects/full/hydroponics8.jpg]
[www.lpu.in/academics/imgs/live-projects/hydroponics8.jpg]
[www.lpu.in/academics/imgs/live-projects/full/live-projects22.jpg]
[www.lpu.in/academics/imgs/live-projects/live-projects22.jpg]
[www.lpu.in/academics/imgs/live-projects/full/live-projects20.jpg]
[www.lpu.in/academics/imgs/live-projects/live-projects20.jpg]
[www.lpu.in/academics/imgs/live-projects/full/live-projects19.jpg]
[www.lpu.in/academics/imgs/live-projects/live-projects19.jpg]
[www.lpu.in/academics/imgs/live-projects/full/live-projects13.jpg]
[www.lpu.in/academics/imgs/live-projects/live-projects13.jpg]
[www.lpu.in/academics/imgs/live-projects/full/live-projects24.jpg]
[www.lpu.in/academics/imgs/live-projects/live-projects24.jpg]
[www.lpu.in/academics/imgs/live-projects/full/live-projects12.jpg]
[www.lpu.in/academics/imgs/live-projects/live-projects12.jpg]
[www.lpu.in/academics/imgs/live-projects/full/live-projects15.jpg]
[www.lpu.in/academics/imgs/live-projects/live-projects15.jpg]
[www.lpu.in/academics/imgs/live-projects/full/live-projects16.jpg]
[www.lpu.in/academics/imgs/live-projects/live-projects16.jpg]
[www.lpu.in/academics/imgs/live-projects/full/live-projects25.jpg]
[www.lpu.in/academics/imgs/live-projects/live-projects25.jpg]
[www.lpu.in/academics/live-projects.html]
[www.lpu.in/js/readmore-js/readmore.min.js]
[www.lpu.in/academics/imgs/industry-immersion/industry-immersion-google.jpg]
[www.lpu.in/academics/imgs/industry-immersion/industry-immersion-logo.jpg]
[www.lpu.in/academics/imgs/industry-immersion/cisco.jpg]
[www.lpu.in/academics/imgs/industry-immersion/industry-immersion-intel.jpg]
[www.lpu.in/academics/imgs/industry-immersion/texas.jpg]
[www.lpu.in/academics/imgs/industry-immersion/industry-immersion-logo11.jpg]
[www.lpu.in/academics/imgs/industry-immersion/dell-emc-new.jpg]
[www.lpu.in/academics/imgs/industry-immersion/bosch.jpg]
[www.lpu.in/academics/imgs/industry-immersion/sap-new.jpg]
[www.lpu.in/academics/imgs/industry-immersion/vmwa-new.jpg]
[www.lpu.in/academics/imgs/industry-immersion/cadence.jpg]
[www.lpu.in/academics/imgs/industry-immersion/safeducate.jpg]
[www.lpu.in/academics/imgs/industry-immersion/hughes.jpg]
[www.lpu.in/academics/imgs/industry-immersion/autodesk.jpg]
[www.lpu.in/academics/imgs/industry-immersion/pega.jpg]
[www.lpu.in/academics/imgs/industry-immersion/glass-academy.jpg]
[www.lpu.in/academics/imgs/industry-immersion/ctr.jpg]
[www.lpu.in/academics/imgs/industry-immersion/industry-immersion-logo16.jpg]
[www.lpu.in/academics/imgs/industry-immersion/upgrad.jpg]
[www.lpu.in/academics/imgs/industry-immersion/nitttr.jpg]
[www.lpu.in/academics/imgs/industry-immersion/smur-agro.jpg]
[www.lpu.in/academics/imgs/industry-immersion/prsc.jpg]
[www.lpu.in/academics/imgs/industry-immersion/ticai.jpg]
[www.lpu.in/academics/imgs/industry-immersion/informatica.jpg]
[www.lpu.in/academics/industry-immersion.html]
[www.lpu.in/academics/Interdisciplinary-minors.html]
[www.lpu.in/academics/imgs/curriculum-innovations/header.jpg]
[www.lpu.in/academics/imgs/curriculum-innovations/curriculum-innovations1.jpg]
[www.lpu.in/academics/imgs/curriculum-innovations/curriculum-innovations2.jpg]
[www.lpu.in/academics/imgs/curriculum-innovations/curriculum-innovations3.jpg]
[www.lpu.in/academics/imgs/curriculum-innovations/curriculum-innovations4.jpg]
[www.lpu.in/academics/imgs/curriculum-innovations/curriculum-innovations5.jpg]
[www.lpu.in/academics/imgs/curriculum-innovations/curriculum-innovations6.jpg]
[www.lpu.in/academics/imgs/curriculum-innovations/curriculum-innovations7.jpg]
[www.lpu.in/academics/imgs/curriculum-innovations/curriculum-innovations8.jpg]
[www.lpu.in/academics/imgs/curriculum-innovations/curriculum-innovations9.jpg]
[www.lpu.in/academics/imgs/curriculum-innovations/curriculum-innovations10.jpg]
[www.lpu.in/academics/imgs/curriculum-innovations/curriculum-innovations11.jpg]
[www.lpu.in/academics/imgs/curriculum-innovations/curriculum-innovations13.jpg]
[www.lpu.in/academics/curriculum-innovations.html]
[www.lpu.in/academics/imgs/guest-lectures/Mr-Deepak-Jalan-s.jpg]
[www.lpu.in/academics/imgs/guest-lectures/Mr.-Ramesh-Rangan.jpg]
[www.lpu.in/academics/imgs/guest-lectures/Mr-Arun-David.jpg]
[www.lpu.in/academics/imgs/guest-lectures/Mr-Deepanshu-Khandelwal.jpg]
[www.lpu.in/academics/images/guest-lectures/nissan-motors.jpg]
[www.lpu.in/academics/images/guest-lectures/Flustist.jpg]
[www.lpu.in/academics/images/guest-lectures/full/1.jpg]
[www.lpu.in/academics/images/guest-lectures/1.jpg]
[www.lpu.in/academics/images/guest-lectures/full/2.jpg]
[www.lpu.in/academics/images/guest-lectures/2.jpg]
[www.lpu.in/academics/images/guest-lectures/full/3.jpg]
[www.lpu.in/academics/images/guest-lectures/3.jpg]
[www.lpu.in/academics/images/guest-lectures/full/4.jpg]
[www.lpu.in/academics/images/guest-lectures/4.jpg]
[www.lpu.in/academics/images/guest-lectures/full/5.jpg]
[www.lpu.in/academics/images/guest-lectures/5.jpg]
[www.lpu.in/academics/images/guest-lectures/full/6.jpg]
[www.lpu.in/academics/images/guest-lectures/6.jpg]
[www.lpu.in/academics/images/guest-lectures/full/7.jpg]
[www.lpu.in/academics/images/guest-lectures/7.jpg]
[www.lpu.in/academics/images/guest-lectures/full/8.jpg]
[www.lpu.in/academics/images/guest-lectures/8.jpg]
[www.lpu.in/academics/images/guest-lectures/full/9.jpg]
[www.lpu.in/academics/images/guest-lectures/9.jpg]
[www.lpu.in/academics/images/guest-lectures/full/10.jpg]
[www.lpu.in/academics/images/guest-lectures/10.jpg]
[www.lpu.in/academics/images/guest-lectures/full/11.jpg]
[www.lpu.in/academics/images/guest-lectures/11.jpg]
[www.lpu.in/academics/images/guest-lectures/full/12.jpg]
[www.lpu.in/academics/images/guest-lectures/12.jpg]
[www.lpu.in/academics/images/guest-lectures/full/13.jpg]
[www.lpu.in/academics/images/guest-lectures/13.jpg]
[www.lpu.in/academics/images/guest-lectures/full/14.jpg]
[www.lpu.in/academics/images/guest-lectures/14.jpg]
[www.lpu.in/academics/images/guest-lectures/full/15.jpg]
[www.lpu.in/academics/images/guest-lectures/15.jpg]
[www.lpu.in/academics/images/guest-lectures/full/16.jpg]
[www.lpu.in/academics/images/guest-lectures/16.jpg]
[www.lpu.in/academics/images/guest-lectures/full/17.jpg]
[www.lpu.in/academics/images/guest-lectures/17.jpg]
[www.lpu.in/academics/images/guest-lectures/full/18.jpg]
[www.lpu.in/academics/images/guest-lectures/18.jpg]
[www.lpu.in/academics/images/guest-lectures/full/19.jpg]
[www.lpu.in/academics/images/guest-lectures/19.jpg]
[www.lpu.in/academics/images/guest-lectures/full/20.jpg]
[www.lpu.in/academics/images/guest-lectures/20.jpg]
[www.lpu.in/academics/images/guest-lectures/full/21.jpg]
[www.lpu.in/academics/images/guest-lectures/21.jpg]
[www.lpu.in/academics/images/guest-lectures/full/22.jpg]
[www.lpu.in/academics/images/guest-lectures/22.jpg]
[www.lpu.in/academics/images/guest-lectures/full/23.jpg]
[www.lpu.in/academics/images/guest-lectures/23.jpg]
[www.lpu.in/academics/images/guest-lectures/full/24.jpg]
[www.lpu.in/academics/images/guest-lectures/24.jpg]
[www.lpu.in/academics/images/guest-lectures/full/25.jpg]
[www.lpu.in/academics/images/guest-lectures/25.jpg]
[www.lpu.in/academics/images/guest-lectures/full/26.jpg]
[www.lpu.in/academics/images/guest-lectures/26.jpg]
[www.lpu.in/academics/images/guest-lectures/full/27.jpg]
[www.lpu.in/academics/images/guest-lectures/27.jpg]
[www.lpu.in/academics/images/guest-lectures/full/28.jpg]
[www.lpu.in/academics/images/guest-lectures/28.jpg]
[www.lpu.in/academics/guest-lectures.html]
[www.lpu.in/academics/imgs/assessment-and-evaluation/top-bg.jpg]
[www.lpu.in/academics/imgs/assessment-and-evaluation/exam-lpu.jpg]
[www.lpu.in/academics/imgs/assessment-and-evaluation/group-projects.jpg]
[www.lpu.in/academics/imgs/assessment-and-evaluation/trust-eval.jpg]
[www.lpu.in/academics/assessment-and-evaluation.html]
[www.lpu.in/academics/imgs/mentoring-advising/top-bg.jpg]
[www.lpu.in/academics/images/mentoring-advising/career-counc.jpg]
[www.lpu.in/academics/images/mentoring-advising/freshmen-indc.jpg]
[www.lpu.in/academics/images/mentoring-advising/academic-advising.jpg]
[www.lpu.in/academics/images/mentoring-advising/psyc-img.jpg]
[www.lpu.in/academics/images/mentoring-advising/placement-mentoring.jpg]
[www.lpu.in/academics/mentoring-advising.html]
[www.lpu.in/academics/css/jquery.dataTables.min.css]
[www.lpu.in/academics/images/header.jpg]
[www.lpu.in/academics/imgs/research/research2.jpg]
[www.lpu.in/academics/imgs/research/research3.jpg]
[www.lpu.in/academics/imgs/research/research4.jpg]
[www.lpu.in/academics/imgs/research/research5.jpg]
[www.lpu.in/academics/imgs/research/research6.jpg]
[www.lpu.in/academics/imgs/research/research7.jpg]
[www.lpu.in/academics/imgs/research/research8.jpg]
[www.lpu.in/academics/imgs/research/research16.jpg]
[www.lpu.in/academics/imgs/research/research17.jpg]
[www.lpu.in/academics/imgs/research/research18.jpg]
[www.lpu.in/academics/imgs/research/research19.jpg]
[www.lpu.in/academics/imgs/convo-8-1.jpg]
[www.lpu.in/academics/imgs/convo-8-1-thumb.jpg]
[www.lpu.in/academics/imgs/convo-8-2.jpg]
[www.lpu.in/academics/imgs/convo-8-2-thumb.jpg]
[www.lpu.in/academics/imgs/convo-8-3.jpg]
[www.lpu.in/academics/imgs/convo-8-3-thumb.jpg]
[www.lpu.in/academics/imgs/research/publications/1.jpg]
[www.lpu.in/academics/imgs/research/publications/2.jpg]
[www.lpu.in/academics/imgs/research/publications/7.jpg]
[www.lpu.in/academics/imgs/research/publications/4.jpg]
[www.lpu.in/academics/imgs/research/publications/5.jpg]
[www.lpu.in/academics/imgs/research/publications/6.jpg]
[www.lpu.in/academics/imgs/research/publications/3.jpg]
[www.lpu.in/academics/imgs/research/publications/8.jpg]
[www.lpu.in/academics/imgs/research/publications/9.jpg]
[www.lpu.in/academics/imgs/research/publications/10.jpg]
[www.lpu.in/academics/imgs/research/publications/11.jpg]
[www.lpu.in/academics/imgs/research/publications/12.jpg]
[www.lpu.in/academics/imgs/research/publications/13.jpg]
[www.lpu.in/academics/pdf/Final-2015-Publications-Data.pdf]
[www.lpu.in/academics/pdf/publication-2016.pdf]
[www.lpu.in/academics/pdf/publication-2017.pdf]
[www.lpu.in/academics/imgs/research/patent1.jpg]
[www.lpu.in/academics/imgs/research/patent46.jpg]
[www.lpu.in/academics/imgs/research/patent8.jpg]
[www.lpu.in/academics/imgs/research/patent9.jpg]
[www.lpu.in/academics/imgs/research/patent10.jpg]
[www.lpu.in/academics/imgs/research/patent11.jpg]
[www.lpu.in/academics/imgs/research/patent13.jpg]
[www.lpu.in/academics/imgs/research/patent14.jpg]
[www.lpu.in/academics/imgs/research/patent15.jpg]
[www.lpu.in/academics/imgs/research/patent18.jpg]
[www.lpu.in/academics/imgs/research/patent19.jpg]
[www.lpu.in/academics/imgs/research/patent20.jpg]
[www.lpu.in/academics/imgs/research/patent21.jpg]
[www.lpu.in/academics/imgs/research/patent22.jpg]
[www.lpu.in/academics/imgs/research/patent23.jpg]
[www.lpu.in/academics/imgs/research/patent24.jpg]
[www.lpu.in/academics/imgs/research/patent25.jpg]
[www.lpu.in/academics/imgs/research/patent26.jpg]
[www.lpu.in/academics/imgs/research/patent27.jpg]
[www.lpu.in/academics/imgs/research/patent28.jpg]
[www.lpu.in/academics/imgs/research/patent29.jpg]
[www.lpu.in/academics/imgs/research/patent30.jpg]
[www.lpu.in/academics/imgs/research/patent31.jpg]
[www.lpu.in/academics/imgs/research/patent32.jpg]
[www.lpu.in/academics/imgs/research/patent33.jpg]
[www.lpu.in/academics/imgs/research/patent34.jpg]
[www.lpu.in/academics/imgs/research/patent35.jpg]
[www.lpu.in/academics/imgs/research/patent36.jpg]
[www.lpu.in/academics/imgs/research/patent37.jpg]
[www.lpu.in/academics/imgs/research/patent38.jpg]
[www.lpu.in/academics/imgs/research/patent39.jpg]
[www.lpu.in/academics/imgs/research/patent40.jpg]
[www.lpu.in/academics/imgs/research/patent41.jpg]
[www.lpu.in/academics/imgs/research/patent42.jpg]
[www.lpu.in/academics/imgs/research/patent43.jpg]
[www.lpu.in/academics/imgs/research/patent44.jpg]
[www.lpu.in/academics/imgs/research/patent45.jpg]
[www.lpu.in/academics/imgs/research/research9.jpg]
[www.lpu.in/academics/imgs/research/research10.jpg]
[www.lpu.in/academics/imgs/research/research11.jpg]
[www.lpu.in/academics/imgs/research/research12.jpg]
[www.lpu.in/academics/imgs/research/research14.jpg]
[www.lpu.in/academics/imgs/research/research15.jpg]
[www.lpu.in/academics/imgs/research/research13.jpg]
[www.lpu.in/academics/imgs/conference/con5.jpg]
[www.lpu.in/academics/imgs/conference/con6.jpg]
[www.lpu.in/academics/imgs/conference/con12.jpg]
[www.lpu.in/academics/imgs/conference/con2.jpg]
[www.lpu.in/academics/imgs/conference/con4.jpg]
[www.lpu.in/academics/imgs/conference/con10.jpg]
[www.lpu.in/academics/imgs/conference/con7.jpg]
[www.lpu.in/academics/imgs/conference/con1.jpg]
[www.lpu.in/academics/imgs/conference/con11.jpg]
[www.lpu.in/academics/imgs/conference/con8.jpg]
[www.lpu.in/academics/imgs/conference/con9.jpg]
[www.lpu.in/academics/imgs/conference/con3.jpg]
[www.lpu.in/academics/imgs/conference/con14.jpg]
[www.lpu.in/academics/imgs/conference/con16.jpg]
[www.lpu.in/academics/imgs/conference/stevia.jpg]
[www.lpu.in/academics/imgs/conference/education.jpg]
[www.lpu.in/academics/imgs/conference/nctace.jpg]
[www.lpu.in/academics/imgs/conference/lpunasyacon.jpg]
[www.lpu.in/academics/imgs/conference/sgceg.jpg]
[www.lpu.in/academics/js/jquery.dataTables.min.js]
[www.lpu.in/academics/research.html]
[www.lpu.in/academics/images/hrd/slide-image.jpg]
[www.lpu.in/HRD/HRDCLogin.html]
[www.lpu.in/academics/imgs/faculty-development/acite2.jpg]
[www.lpu.in/academics/imgs/faculty-development/second-fdp.jpg]
[www.lpu.in/academics/imgs/faculty-development/japanese-vegetarian.jpg]
[www.lpu.in/academics/imgs/faculty-development/case-writing.jpg]
[www.lpu.in/academics/imgs/faculty-development/nptel.jpg]
[www.lpu.in/academics/imgs/faculty-development/research-methodology.jpg]
[www.lpu.in/academics/imgs/faculty-development/facilitation-skills.jpg]
[www.lpu.in/academics/imgs/faculty-development/management-development.423.delayed]
[www.lpu.in/academics/faculty-development.html]
[www.lpu.in/academics/libraries-laboratories.html]
[www.lpu.in/academics/calendar_regular_programmes.html]
[www.lpu.in/academics/holiday-list.html]
[www.lpu.in/campus_life/entrepreneurship.html]
[www.lpu.in/campus_life/sports.html]
[www.lpu.in/campus_life/art-and-culture.html]
[www.lpu.in/campus_life/campus-events.html]
[www.lpu.in/campus_life/student-organisations.html]
[www.lpu.in/campus_life/community-services.html]
[www.lpu.in/campus_life/visitors.html]
[www.lpu.in/campus_life/diversity.html]
[www.lpu.in/campus_life/on-campus-jobs.html]
[www.lpu.in/campus_life/fun-zone.html]
[www.lpu.in/student_services/security.html]
[www.lpu.in/student_services/healthcare.html]
